Copyright 1986-2018 Xilinx, Inc. All Rights Reserved.
--------------------------------------------------------------------------------------------------------------------------------------------------------------------------------
| Tool Version : Vivado v.2018.1 (win64) Build 2188600 Wed Apr  4 18:40:38 MDT 2018
| Date         : Thu Sep 10 17:18:20 2026
| Host         : propietario-PC running 64-bit major release  (build 9200)
| Command      : report_timing_summary -max_paths 10 -file pwm_timing_summary_routed.rpt -pb pwm_timing_summary_routed.pb -rpx pwm_timing_summary_routed.rpx -warn_on_violation
| Design       : pwm
| Device       : 7z010-clg400
| Speed File   : -1  PRODUCTION 1.11 2014-09-11
--------------------------------------------------------------------------------------------------------------------------------------------------------------------------------

Timing Summary Report

------------------------------------------------------------------------------------------------
| Timer Settings
| --------------
------------------------------------------------------------------------------------------------

  Enable Multi Corner Analysis               :  Yes
  Enable Pessimism Removal                   :  Yes
  Pessimism Removal Resolution               :  Nearest Common Node
  Enable Input Delay Default Clock           :  No
  Enable Preset / Clear Arcs                 :  No
  Disable Flight Delays                      :  No
  Ignore I/O Paths                           :  No
  Timing Early Launch at Borrowing Latches   :  false

  Corner  Analyze    Analyze    
  Name    Max Paths  Min Paths  
  ------  ---------  ---------  
  Slow    Yes        Yes        
  Fast    Yes        Yes        



check_timing report

Table of Contents
-----------------
1. checking no_clock
2. checking constant_clock
3. checking pulse_width_clock
4. checking unconstrained_internal_endpoints
5. checking no_input_delay
6. checking no_output_delay
7. checking multiple_clock
8. checking generated_clocks
9. checking loops
10. checking partial_input_delay
11. checking partial_output_delay
12. checking latch_loops

1. checking no_clock
--------------------
 There are 0 register/latch pins with no clock.


2. checking constant_clock
--------------------------
 There are 0 register/latch pins with constant_clock.


3. checking pulse_width_clock
-----------------------------
 There are 0 register/latch pins which need pulse_width check


4. checking unconstrained_internal_endpoints
--------------------------------------------
 There are 0 pins that are not constrained for maximum delay.

 There are 0 pins that are not constrained for maximum delay due to constant clock.


5. checking no_input_delay
--------------------------
 There are 3 input ports with no input delay specified. (HIGH)

 There are 0 input ports with no input delay but user has a false path constraint.


6. checking no_output_delay
---------------------------
 There is 1 port with no output delay specified. (HIGH)

 There are 0 ports with no output delay but user has a false path constraint

 There are 0 ports with no output delay but with a timing clock defined on it or propagating through it


7. checking multiple_clock
--------------------------
 There are 0 register/latch pins with multiple clocks.


8. checking generated_clocks
----------------------------
 There are 0 generated clocks that are not connected to a clock source.


9. checking loops
-----------------
 There are 0 combinational loops in the design.


10. checking partial_input_delay
--------------------------------
 There are 0 input ports with partial input delay specified.


11. checking partial_output_delay
---------------------------------
 There are 0 ports with partial output delay specified.


12. checking latch_loops
------------------------
 There are 0 combinational latch loops in the design through latch input



------------------------------------------------------------------------------------------------
| Design Timing Summary
| ---------------------
------------------------------------------------------------------------------------------------

    WNS(ns)      TNS(ns)  TNS Failing Endpoints  TNS Total Endpoints      WHS(ns)      THS(ns)  THS Failing Endpoints  THS Total Endpoints     WPWS(ns)     TPWS(ns)  TPWS Failing Endpoints  TPWS Total Endpoints  
    -------      -------  ---------------------  -------------------      -------      -------  ---------------------  -------------------     --------     --------  ----------------------  --------------------  
      4.055        0.000                      0                   25        0.216        0.000                      0                   25        3.500        0.000                       0                    24  


All user specified timing constraints are met.


------------------------------------------------------------------------------------------------
| Clock Summary
| -------------
------------------------------------------------------------------------------------------------

Clock        Waveform(ns)         Period(ns)      Frequency(MHz)
-----        ------------         ----------      --------------
sys_clk_pin  {0.000 4.000}        8.000           125.000         


------------------------------------------------------------------------------------------------
| Intra Clock Table
| -----------------
------------------------------------------------------------------------------------------------

Clock             WNS(ns)      TNS(ns)  TNS Failing Endpoints  TNS Total Endpoints      WHS(ns)      THS(ns)  THS Failing Endpoints  THS Total Endpoints     WPWS(ns)     TPWS(ns)  TPWS Failing Endpoints  TPWS Total Endpoints  
-----             -------      -------  ---------------------  -------------------      -------      -------  ---------------------  -------------------     --------     --------  ----------------------  --------------------  
sys_clk_pin         4.055        0.000                      0                   25        0.216        0.000                      0                   25        3.500        0.000                       0                    24  


------------------------------------------------------------------------------------------------
| Inter Clock Table
| -----------------
------------------------------------------------------------------------------------------------

From Clock    To Clock          WNS(ns)      TNS(ns)  TNS Failing Endpoints  TNS Total Endpoints      WHS(ns)      THS(ns)  THS Failing Endpoints  THS Total Endpoints  
----------    --------          -------      -------  ---------------------  -------------------      -------      -------  ---------------------  -------------------  


------------------------------------------------------------------------------------------------
| Other Path Groups Table
| -----------------------
------------------------------------------------------------------------------------------------

Path Group    From Clock    To Clock          WNS(ns)      TNS(ns)  TNS Failing Endpoints  TNS Total Endpoints      WHS(ns)      THS(ns)  THS Failing Endpoints  THS Total Endpoints  
----------    ----------    --------          -------      -------  ---------------------  -------------------      -------      -------  ---------------------  -------------------  


------------------------------------------------------------------------------------------------
| Timing Details
| --------------
------------------------------------------------------------------------------------------------


---------------------------------------------------------------------------------------------------
From Clock:  sys_clk_pin
  To Clock:  sys_clk_pin

Setup :            0  Failing Endpoints,  Worst Slack        4.055ns,  Total Violation        0.000ns
Hold  :            0  Failing Endpoints,  Worst Slack        0.216ns,  Total Violation        0.000ns
PW    :            0  Failing Endpoints,  Worst Slack        3.500ns,  Total Violation        0.000ns
---------------------------------------------------------------------------------------------------


Max Delay Paths
--------------------------------------------------------------------------------------
Slack (MET) :             4.055ns  (required time - arrival time)
  Source:                 counter_reg[2]/C
                            (rising edge-triggered cell FDRE clocked by sys_clk_pin  {rise@0.000ns fall@4.000ns period=8.000ns})
  Destination:            counter_reg[14]/D
                            (rising edge-triggered cell FDRE clocked by sys_clk_pin  {rise@0.000ns fall@4.000ns period=8.000ns})
  Path Group:             sys_clk_pin
  Path Type:              Setup (Max at Slow Process Corner)
  Requirement:            8.000ns  (sys_clk_pin rise@8.000ns - sys_clk_pin rise@0.000ns)
  Data Path Delay:        3.914ns  (logic 2.111ns (53.930%)  route 1.803ns (46.070%))
  Logic Levels:           5  (CARRY4=4 LUT2=1)
  Clock Path Skew:        -0.026ns (DCD - SCD + CPR)
    Destination Clock Delay (DCD):    4.917ns = ( 12.917 - 8.000 ) 
    Source Clock Delay      (SCD):    5.370ns
    Clock Pessimism Removal (CPR):    0.428ns
  Clock Uncertainty:      0.035ns  ((TSJ^2 + TIJ^2)^1/2 + DJ) / 2 + PE
    Total System Jitter     (TSJ):    0.071ns
    Total Input Jitter      (TIJ):    0.000ns
    Discrete Jitter          (DJ):    0.000ns
    Phase Error              (PE):    0.000ns

    Location             Delay type                Incr(ns)  Path(ns)    Netlist Resource(s)
  -------------------------------------------------------------------    -------------------
                         (clock sys_clk_pin rise edge)
                                                      0.000     0.000 r  
    H16                                               0.000     0.000 r  clk (IN)
                         net (fo=0)                   0.000     0.000    clk
    H16                  IBUF (Prop_ibuf_I_O)         1.457     1.457 r  clk_IBUF_inst/O
                         net (fo=1, routed)           2.076     3.533    clk_IBUF
    BUFGCTRL_X0Y16       BUFG (Prop_bufg_I_O)         0.101     3.634 r  clk_IBUF_BUFG_inst/O
                         net (fo=23, routed)          1.736     5.370    clk_IBUF_BUFG
    SLICE_X37Y90         FDRE                                         r  counter_reg[2]/C
  -------------------------------------------------------------------    -------------------
    SLICE_X37Y90         FDRE (Prop_fdre_C_Q)         0.419     5.789 r  counter_reg[2]/Q
                         net (fo=7, routed)           1.017     6.806    counter_reg_n_0_[2]
    SLICE_X38Y88         CARRY4 (Prop_carry4_S[1]_CO[3])
                                                      0.829     7.635 r  counter_reg[4]_i_2/CO[3]
                         net (fo=1, routed)           0.000     7.635    counter_reg[4]_i_2_n_0
    SLICE_X38Y89         CARRY4 (Prop_carry4_CI_CO[3])
                                                      0.117     7.752 r  counter_reg[8]_i_2/CO[3]
                         net (fo=1, routed)           0.000     7.752    counter_reg[8]_i_2_n_0
    SLICE_X38Y90         CARRY4 (Prop_carry4_CI_CO[3])
                                                      0.117     7.869 r  counter_reg[12]_i_2/CO[3]
                         net (fo=1, routed)           0.000     7.869    counter_reg[12]_i_2_n_0
    SLICE_X38Y91         CARRY4 (Prop_carry4_CI_O[1])
                                                      0.323     8.192 r  counter_reg[16]_i_2/O[1]
                         net (fo=1, routed)           0.786     8.979    data0[14]
    SLICE_X39Y88         LUT2 (Prop_lut2_I0_O)        0.306     9.285 r  counter[14]_i_1/O
                         net (fo=1, routed)           0.000     9.285    counter[14]
    SLICE_X39Y88         FDRE                                         r  counter_reg[14]/D
  -------------------------------------------------------------------    -------------------

                         (clock sys_clk_pin rise edge)
                                                      8.000     8.000 r  
    H16                                               0.000     8.000 r  clk (IN)
                         net (fo=0)                   0.000     8.000    clk
    H16                  IBUF (Prop_ibuf_I_O)         1.387     9.387 r  clk_IBUF_inst/O
                         net (fo=1, routed)           1.880    11.267    clk_IBUF
    BUFGCTRL_X0Y16       BUFG (Prop_bufg_I_O)         0.091    11.358 r  clk_IBUF_BUFG_inst/O
                         net (fo=23, routed)          1.559    12.917    clk_IBUF_BUFG
    SLICE_X39Y88         FDRE                                         r  counter_reg[14]/C
                         clock pessimism              0.428    13.344    
                         clock uncertainty           -0.035    13.309    
    SLICE_X39Y88         FDRE (Setup_fdre_C_D)        0.031    13.340    counter_reg[14]
  -------------------------------------------------------------------
                         required time                         13.340    
                         arrival time                          -9.285    
  -------------------------------------------------------------------
                         slack                                  4.055    

Slack (MET) :             4.226ns  (required time - arrival time)
  Source:                 counter_reg[2]/C
                            (rising edge-triggered cell FDRE clocked by sys_clk_pin  {rise@0.000ns fall@4.000ns period=8.000ns})
  Destination:            counter_reg[6]/D
                            (rising edge-triggered cell FDRE clocked by sys_clk_pin  {rise@0.000ns fall@4.000ns period=8.000ns})
  Path Group:             sys_clk_pin
  Path Type:              Setup (Max at Slow Process Corner)
  Requirement:            8.000ns  (sys_clk_pin rise@8.000ns - sys_clk_pin rise@0.000ns)
  Data Path Delay:        3.743ns  (logic 1.877ns (50.146%)  route 1.866ns (49.854%))
  Logic Levels:           3  (CARRY4=2 LUT2=1)
  Clock Path Skew:        -0.025ns (DCD - SCD + CPR)
    Destination Clock Delay (DCD):    4.918ns = ( 12.918 - 8.000 ) 
    Source Clock Delay      (SCD):    5.370ns
    Clock Pessimism Removal (CPR):    0.428ns
  Clock Uncertainty:      0.035ns  ((TSJ^2 + TIJ^2)^1/2 + DJ) / 2 + PE
    Total System Jitter     (TSJ):    0.071ns
    Total Input Jitter      (TIJ):    0.000ns
    Discrete Jitter          (DJ):    0.000ns
    Phase Error              (PE):    0.000ns

    Location             Delay type                Incr(ns)  Path(ns)    Netlist Resource(s)
  -------------------------------------------------------------------    -------------------
                         (clock sys_clk_pin rise edge)
                                                      0.000     0.000 r  
    H16                                               0.000     0.000 r  clk (IN)
                         net (fo=0)                   0.000     0.000    clk
    H16                  IBUF (Prop_ibuf_I_O)         1.457     1.457 r  clk_IBUF_inst/O
                         net (fo=1, routed)           2.076     3.533    clk_IBUF
    BUFGCTRL_X0Y16       BUFG (Prop_bufg_I_O)         0.101     3.634 r  clk_IBUF_BUFG_inst/O
                         net (fo=23, routed)          1.736     5.370    clk_IBUF_BUFG
    SLICE_X37Y90         FDRE                                         r  counter_reg[2]/C
  -------------------------------------------------------------------    -------------------
    SLICE_X37Y90         FDRE (Prop_fdre_C_Q)         0.419     5.789 r  counter_reg[2]/Q
                         net (fo=7, routed)           1.017     6.806    counter_reg_n_0_[2]
    SLICE_X38Y88         CARRY4 (Prop_carry4_S[1]_CO[3])
                                                      0.829     7.635 r  counter_reg[4]_i_2/CO[3]
                         net (fo=1, routed)           0.000     7.635    counter_reg[4]_i_2_n_0
    SLICE_X38Y89         CARRY4 (Prop_carry4_CI_O[1])
                                                      0.323     7.958 r  counter_reg[8]_i_2/O[1]
                         net (fo=1, routed)           0.849     8.807    data0[6]
    SLICE_X39Y89         LUT2 (Prop_lut2_I0_O)        0.306     9.113 r  counter[6]_i_1/O
                         net (fo=1, routed)           0.000     9.113    counter[6]
    SLICE_X39Y89         FDRE                                         r  counter_reg[6]/D
  -------------------------------------------------------------------    -------------------

                         (clock sys_clk_pin rise edge)
                                                      8.000     8.000 r  
    H16                                               0.000     8.000 r  clk (IN)
                         net (fo=0)                   0.000     8.000    clk
    H16                  IBUF (Prop_ibuf_I_O)         1.387     9.387 r  clk_IBUF_inst/O
                         net (fo=1, routed)           1.880    11.267    clk_IBUF
    BUFGCTRL_X0Y16       BUFG (Prop_bufg_I_O)         0.091    11.358 r  clk_IBUF_BUFG_inst/O
                         net (fo=23, routed)          1.560    12.918    clk_IBUF_BUFG
    SLICE_X39Y89         FDRE                                         r  counter_reg[6]/C
                         clock pessimism              0.428    13.345    
                         clock uncertainty           -0.035    13.310    
    SLICE_X39Y89         FDRE (Setup_fdre_C_D)        0.029    13.339    counter_reg[6]
  -------------------------------------------------------------------
                         required time                         13.339    
                         arrival time                          -9.113    
  -------------------------------------------------------------------
                         slack                                  4.226    

Slack (MET) :             4.264ns  (required time - arrival time)
  Source:                 counter_reg[2]/C
                            (rising edge-triggered cell FDRE clocked by sys_clk_pin  {rise@0.000ns fall@4.000ns period=8.000ns})
  Destination:            counter_reg[10]/D
                            (rising edge-triggered cell FDRE clocked by sys_clk_pin  {rise@0.000ns fall@4.000ns period=8.000ns})
  Path Group:             sys_clk_pin
  Path Type:              Setup (Max at Slow Process Corner)
  Requirement:            8.000ns  (sys_clk_pin rise@8.000ns - sys_clk_pin rise@0.000ns)
  Data Path Delay:        3.706ns  (logic 1.994ns (53.812%)  route 1.712ns (46.188%))
  Logic Levels:           4  (CARRY4=3 LUT2=1)
  Clock Path Skew:        -0.026ns (DCD - SCD + CPR)
    Destination Clock Delay (DCD):    4.917ns = ( 12.917 - 8.000 ) 
    Source Clock Delay      (SCD):    5.370ns
    Clock Pessimism Removal (CPR):    0.428ns
  Clock Uncertainty:      0.035ns  ((TSJ^2 + TIJ^2)^1/2 + DJ) / 2 + PE
    Total System Jitter     (TSJ):    0.071ns
    Total Input Jitter      (TIJ):    0.000ns
    Discrete Jitter          (DJ):    0.000ns
    Phase Error              (PE):    0.000ns

    Location             Delay type                Incr(ns)  Path(ns)    Netlist Resource(s)
  -------------------------------------------------------------------    -------------------
                         (clock sys_clk_pin rise edge)
                                                      0.000     0.000 r  
    H16                                               0.000     0.000 r  clk (IN)
                         net (fo=0)                   0.000     0.000    clk
    H16                  IBUF (Prop_ibuf_I_O)         1.457     1.457 r  clk_IBUF_inst/O
                         net (fo=1, routed)           2.076     3.533    clk_IBUF
    BUFGCTRL_X0Y16       BUFG (Prop_bufg_I_O)         0.101     3.634 r  clk_IBUF_BUFG_inst/O
                         net (fo=23, routed)          1.736     5.370    clk_IBUF_BUFG
    SLICE_X37Y90         FDRE                                         r  counter_reg[2]/C
  -------------------------------------------------------------------    -------------------
    SLICE_X37Y90         FDRE (Prop_fdre_C_Q)         0.419     5.789 r  counter_reg[2]/Q
                         net (fo=7, routed)           1.017     6.806    counter_reg_n_0_[2]
    SLICE_X38Y88         CARRY4 (Prop_carry4_S[1]_CO[3])
                                                      0.829     7.635 r  counter_reg[4]_i_2/CO[3]
                         net (fo=1, routed)           0.000     7.635    counter_reg[4]_i_2_n_0
    SLICE_X38Y89         CARRY4 (Prop_carry4_CI_CO[3])
                                                      0.117     7.752 r  counter_reg[8]_i_2/CO[3]
                         net (fo=1, routed)           0.000     7.752    counter_reg[8]_i_2_n_0
    SLICE_X38Y90         CARRY4 (Prop_carry4_CI_O[1])
                                                      0.323     8.075 r  counter_reg[12]_i_2/O[1]
                         net (fo=1, routed)           0.694     8.770    data0[10]
    SLICE_X39Y88         LUT2 (Prop_lut2_I0_O)        0.306     9.076 r  counter[10]_i_1/O
                         net (fo=1, routed)           0.000     9.076    counter[10]
    SLICE_X39Y88         FDRE                                         r  counter_reg[10]/D
  -------------------------------------------------------------------    -------------------

                         (clock sys_clk_pin rise edge)
                                                      8.000     8.000 r  
    H16                                               0.000     8.000 r  clk (IN)
                         net (fo=0)                   0.000     8.000    clk
    H16                  IBUF (Prop_ibuf_I_O)         1.387     9.387 r  clk_IBUF_inst/O
                         net (fo=1, routed)           1.880    11.267    clk_IBUF
    BUFGCTRL_X0Y16       BUFG (Prop_bufg_I_O)         0.091    11.358 r  clk_IBUF_BUFG_inst/O
                         net (fo=23, routed)          1.559    12.917    clk_IBUF_BUFG
    SLICE_X39Y88         FDRE                                         r  counter_reg[10]/C
                         clock pessimism              0.428    13.344    
                         clock uncertainty           -0.035    13.309    
    SLICE_X39Y88         FDRE (Setup_fdre_C_D)        0.031    13.340    counter_reg[10]
  -------------------------------------------------------------------
                         required time                         13.340    
                         arrival time                          -9.076    
  -------------------------------------------------------------------
                         slack                                  4.264    

Slack (MET) :             4.305ns  (required time - arrival time)
  Source:                 counter_reg[2]/C
                            (rising edge-triggered cell FDRE clocked by sys_clk_pin  {rise@0.000ns fall@4.000ns period=8.000ns})
  Destination:            counter_reg[12]/D
                            (rising edge-triggered cell FDRE clocked by sys_clk_pin  {rise@0.000ns fall@4.000ns period=8.000ns})
  Path Group:             sys_clk_pin
  Path Type:              Setup (Max at Slow Process Corner)
  Requirement:            8.000ns  (sys_clk_pin rise@8.000ns - sys_clk_pin rise@0.000ns)
  Data Path Delay:        3.664ns  (logic 1.987ns (54.237%)  route 1.677ns (45.763%))
  Logic Levels:           4  (CARRY4=3 LUT2=1)
  Clock Path Skew:        -0.025ns (DCD - SCD + CPR)
    Destination Clock Delay (DCD):    4.918ns = ( 12.918 - 8.000 ) 
    Source Clock Delay      (SCD):    5.370ns
    Clock Pessimism Removal (CPR):    0.428ns
  Clock Uncertainty:      0.035ns  ((TSJ^2 + TIJ^2)^1/2 + DJ) / 2 + PE
    Total System Jitter     (TSJ):    0.071ns
    Total Input Jitter      (TIJ):    0.000ns
    Discrete Jitter          (DJ):    0.000ns
    Phase Error              (PE):    0.000ns

    Location             Delay type                Incr(ns)  Path(ns)    Netlist Resource(s)
  -------------------------------------------------------------------    -------------------
                         (clock sys_clk_pin rise edge)
                                                      0.000     0.000 r  
    H16                                               0.000     0.000 r  clk (IN)
                         net (fo=0)                   0.000     0.000    clk
    H16                  IBUF (Prop_ibuf_I_O)         1.457     1.457 r  clk_IBUF_inst/O
                         net (fo=1, routed)           2.076     3.533    clk_IBUF
    BUFGCTRL_X0Y16       BUFG (Prop_bufg_I_O)         0.101     3.634 r  clk_IBUF_BUFG_inst/O
                         net (fo=23, routed)          1.736     5.370    clk_IBUF_BUFG
    SLICE_X37Y90         FDRE                                         r  counter_reg[2]/C
  -------------------------------------------------------------------    -------------------
    SLICE_X37Y90         FDRE (Prop_fdre_C_Q)         0.419     5.789 r  counter_reg[2]/Q
                         net (fo=7, routed)           1.017     6.806    counter_reg_n_0_[2]
    SLICE_X38Y88         CARRY4 (Prop_carry4_S[1]_CO[3])
                                                      0.829     7.635 r  counter_reg[4]_i_2/CO[3]
                         net (fo=1, routed)           0.000     7.635    counter_reg[4]_i_2_n_0
    SLICE_X38Y89         CARRY4 (Prop_carry4_CI_CO[3])
                                                      0.117     7.752 r  counter_reg[8]_i_2/CO[3]
                         net (fo=1, routed)           0.000     7.752    counter_reg[8]_i_2_n_0
    SLICE_X38Y90         CARRY4 (Prop_carry4_CI_O[3])
                                                      0.315     8.067 r  counter_reg[12]_i_2/O[3]
                         net (fo=1, routed)           0.659     8.727    data0[12]
    SLICE_X39Y90         LUT2 (Prop_lut2_I0_O)        0.307     9.034 r  counter[12]_i_1/O
                         net (fo=1, routed)           0.000     9.034    counter[12]
    SLICE_X39Y90         FDRE                                         r  counter_reg[12]/D
  -------------------------------------------------------------------    -------------------

                         (clock sys_clk_pin rise edge)
                                                      8.000     8.000 r  
    H16                                               0.000     8.000 r  clk (IN)
                         net (fo=0)                   0.000     8.000    clk
    H16                  IBUF (Prop_ibuf_I_O)         1.387     9.387 r  clk_IBUF_inst/O
                         net (fo=1, routed)           1.880    11.267    clk_IBUF
    BUFGCTRL_X0Y16       BUFG (Prop_bufg_I_O)         0.091    11.358 r  clk_IBUF_BUFG_inst/O
                         net (fo=23, routed)          1.560    12.918    clk_IBUF_BUFG
    SLICE_X39Y90         FDRE                                         r  counter_reg[12]/C
                         clock pessimism              0.428    13.345    
                         clock uncertainty           -0.035    13.310    
    SLICE_X39Y90         FDRE (Setup_fdre_C_D)        0.029    13.339    counter_reg[12]
  -------------------------------------------------------------------
                         required time                         13.339    
                         arrival time                          -9.034    
  -------------------------------------------------------------------
                         slack                                  4.305    

Slack (MET) :             4.367ns  (required time - arrival time)
  Source:                 counter_reg[5]/C
                            (rising edge-triggered cell FDRE clocked by sys_clk_pin  {rise@0.000ns fall@4.000ns period=8.000ns})
  Destination:            counter_reg[13]/D
                            (rising edge-triggered cell FDRE clocked by sys_clk_pin  {rise@0.000ns fall@4.000ns period=8.000ns})
  Path Group:             sys_clk_pin
  Path Type:              Setup (Max at Slow Process Corner)
  Requirement:            8.000ns  (sys_clk_pin rise@8.000ns - sys_clk_pin rise@0.000ns)
  Data Path Delay:        3.629ns  (logic 0.963ns (26.536%)  route 2.666ns (73.464%))
  Logic Levels:           3  (LUT2=1 LUT6=2)
  Clock Path Skew:        0.000ns (DCD - SCD + CPR)
    Destination Clock Delay (DCD):    4.918ns = ( 12.918 - 8.000 ) 
    Source Clock Delay      (SCD):    5.370ns
    Clock Pessimism Removal (CPR):    0.453ns
  Clock Uncertainty:      0.035ns  ((TSJ^2 + TIJ^2)^1/2 + DJ) / 2 + PE
    Total System Jitter     (TSJ):    0.071ns
    Total Input Jitter      (TIJ):    0.000ns
    Discrete Jitter          (DJ):    0.000ns
    Phase Error              (PE):    0.000ns

    Location             Delay type                Incr(ns)  Path(ns)    Netlist Resource(s)
  -------------------------------------------------------------------    -------------------
                         (clock sys_clk_pin rise edge)
                                                      0.000     0.000 r  
    H16                                               0.000     0.000 r  clk (IN)
                         net (fo=0)                   0.000     0.000    clk
    H16                  IBUF (Prop_ibuf_I_O)         1.457     1.457 r  clk_IBUF_inst/O
                         net (fo=1, routed)           2.076     3.533    clk_IBUF
    BUFGCTRL_X0Y16       BUFG (Prop_bufg_I_O)         0.101     3.634 r  clk_IBUF_BUFG_inst/O
                         net (fo=23, routed)          1.736     5.370    clk_IBUF_BUFG
    SLICE_X39Y90         FDRE                                         r  counter_reg[5]/C
  -------------------------------------------------------------------    -------------------
    SLICE_X39Y90         FDRE (Prop_fdre_C_Q)         0.419     5.789 r  counter_reg[5]/Q
                         net (fo=11, routed)          1.156     6.945    counter_reg_n_0_[5]
    SLICE_X39Y89         LUT6 (Prop_lut6_I0_O)        0.296     7.241 f  counter[16]_i_4/O
                         net (fo=1, routed)           0.648     7.890    counter[16]_i_4_n_0
    SLICE_X39Y89         LUT6 (Prop_lut6_I0_O)        0.124     8.014 f  counter[16]_i_3/O
                         net (fo=16, routed)          0.862     8.875    counter[16]_i_3_n_0
    SLICE_X39Y90         LUT2 (Prop_lut2_I1_O)        0.124     8.999 r  counter[13]_i_1/O
                         net (fo=1, routed)           0.000     8.999    counter[13]
    SLICE_X39Y90         FDRE                                         r  counter_reg[13]/D
  -------------------------------------------------------------------    -------------------

                         (clock sys_clk_pin rise edge)
                                                      8.000     8.000 r  
    H16                                               0.000     8.000 r  clk (IN)
                         net (fo=0)                   0.000     8.000    clk
    H16                  IBUF (Prop_ibuf_I_O)         1.387     9.387 r  clk_IBUF_inst/O
                         net (fo=1, routed)           1.880    11.267    clk_IBUF
    BUFGCTRL_X0Y16       BUFG (Prop_bufg_I_O)         0.091    11.358 r  clk_IBUF_BUFG_inst/O
                         net (fo=23, routed)          1.560    12.918    clk_IBUF_BUFG
    SLICE_X39Y90         FDRE                                         r  counter_reg[13]/C
                         clock pessimism              0.453    13.370    
                         clock uncertainty           -0.035    13.335    
    SLICE_X39Y90         FDRE (Setup_fdre_C_D)        0.031    13.366    counter_reg[13]
  -------------------------------------------------------------------
                         required time                         13.366    
                         arrival time                          -8.999    
  -------------------------------------------------------------------
                         slack                                  4.367    

Slack (MET) :             4.383ns  (required time - arrival time)
  Source:                 counter_reg[5]/C
                            (rising edge-triggered cell FDRE clocked by sys_clk_pin  {rise@0.000ns fall@4.000ns period=8.000ns})
  Destination:            counter_reg[5]/D
                            (rising edge-triggered cell FDRE clocked by sys_clk_pin  {rise@0.000ns fall@4.000ns period=8.000ns})
  Path Group:             sys_clk_pin
  Path Type:              Setup (Max at Slow Process Corner)
  Requirement:            8.000ns  (sys_clk_pin rise@8.000ns - sys_clk_pin rise@0.000ns)
  Data Path Delay:        3.657ns  (logic 0.991ns (27.098%)  route 2.666ns (72.901%))
  Logic Levels:           3  (LUT2=1 LUT6=2)
  Clock Path Skew:        0.000ns (DCD - SCD + CPR)
    Destination Clock Delay (DCD):    4.918ns = ( 12.918 - 8.000 ) 
    Source Clock Delay      (SCD):    5.370ns
    Clock Pessimism Removal (CPR):    0.453ns
  Clock Uncertainty:      0.035ns  ((TSJ^2 + TIJ^2)^1/2 + DJ) / 2 + PE
    Total System Jitter     (TSJ):    0.071ns
    Total Input Jitter      (TIJ):    0.000ns
    Discrete Jitter          (DJ):    0.000ns
    Phase Error              (PE):    0.000ns

    Location             Delay type                Incr(ns)  Path(ns)    Netlist Resource(s)
  -------------------------------------------------------------------    -------------------
                         (clock sys_clk_pin rise edge)
                                                      0.000     0.000 r  
    H16                                               0.000     0.000 r  clk (IN)
                         net (fo=0)                   0.000     0.000    clk
    H16                  IBUF (Prop_ibuf_I_O)         1.457     1.457 r  clk_IBUF_inst/O
                         net (fo=1, routed)           2.076     3.533    clk_IBUF
    BUFGCTRL_X0Y16       BUFG (Prop_bufg_I_O)         0.101     3.634 r  clk_IBUF_BUFG_inst/O
                         net (fo=23, routed)          1.736     5.370    clk_IBUF_BUFG
    SLICE_X39Y90         FDRE                                         r  counter_reg[5]/C
  -------------------------------------------------------------------    -------------------
    SLICE_X39Y90         FDRE (Prop_fdre_C_Q)         0.419     5.789 r  counter_reg[5]/Q
                         net (fo=11, routed)          1.156     6.945    counter_reg_n_0_[5]
    SLICE_X39Y89         LUT6 (Prop_lut6_I0_O)        0.296     7.241 f  counter[16]_i_4/O
                         net (fo=1, routed)           0.648     7.890    counter[16]_i_4_n_0
    SLICE_X39Y89         LUT6 (Prop_lut6_I0_O)        0.124     8.014 f  counter[16]_i_3/O
                         net (fo=16, routed)          0.862     8.875    counter[16]_i_3_n_0
    SLICE_X39Y90         LUT2 (Prop_lut2_I1_O)        0.152     9.027 r  counter[5]_i_1/O
                         net (fo=1, routed)           0.000     9.027    counter[5]
    SLICE_X39Y90         FDRE                                         r  counter_reg[5]/D
  -------------------------------------------------------------------    -------------------

                         (clock sys_clk_pin rise edge)
                                                      8.000     8.000 r  
    H16                                               0.000     8.000 r  clk (IN)
                         net (fo=0)                   0.000     8.000    clk
    H16                  IBUF (Prop_ibuf_I_O)         1.387     9.387 r  clk_IBUF_inst/O
                         net (fo=1, routed)           1.880    11.267    clk_IBUF
    BUFGCTRL_X0Y16       BUFG (Prop_bufg_I_O)         0.091    11.358 r  clk_IBUF_BUFG_inst/O
                         net (fo=23, routed)          1.560    12.918    clk_IBUF_BUFG
    SLICE_X39Y90         FDRE                                         r  counter_reg[5]/C
                         clock pessimism              0.453    13.370    
                         clock uncertainty           -0.035    13.335    
    SLICE_X39Y90         FDRE (Setup_fdre_C_D)        0.075    13.410    counter_reg[5]
  -------------------------------------------------------------------
                         required time                         13.410    
                         arrival time                          -9.027    
  -------------------------------------------------------------------
                         slack                                  4.383    

Slack (MET) :             4.402ns  (required time - arrival time)
  Source:                 counter_reg[5]/C
                            (rising edge-triggered cell FDRE clocked by sys_clk_pin  {rise@0.000ns fall@4.000ns period=8.000ns})
  Destination:            counter_reg[16]/D
                            (rising edge-triggered cell FDRE clocked by sys_clk_pin  {rise@0.000ns fall@4.000ns period=8.000ns})
  Path Group:             sys_clk_pin
  Path Type:              Setup (Max at Slow Process Corner)
  Requirement:            8.000ns  (sys_clk_pin rise@8.000ns - sys_clk_pin rise@0.000ns)
  Data Path Delay:        3.594ns  (logic 0.963ns (26.798%)  route 2.631ns (73.202%))
  Logic Levels:           3  (LUT2=1 LUT6=2)
  Clock Path Skew:        0.000ns (DCD - SCD + CPR)
    Destination Clock Delay (DCD):    4.918ns = ( 12.918 - 8.000 ) 
    Source Clock Delay      (SCD):    5.370ns
    Clock Pessimism Removal (CPR):    0.453ns
  Clock Uncertainty:      0.035ns  ((TSJ^2 + TIJ^2)^1/2 + DJ) / 2 + PE
    Total System Jitter     (TSJ):    0.071ns
    Total Input Jitter      (TIJ):    0.000ns
    Discrete Jitter          (DJ):    0.000ns
    Phase Error              (PE):    0.000ns

    Location             Delay type                Incr(ns)  Path(ns)    Netlist Resource(s)
  -------------------------------------------------------------------    -------------------
                         (clock sys_clk_pin rise edge)
                                                      0.000     0.000 r  
    H16                                               0.000     0.000 r  clk (IN)
                         net (fo=0)                   0.000     0.000    clk
    H16                  IBUF (Prop_ibuf_I_O)         1.457     1.457 r  clk_IBUF_inst/O
                         net (fo=1, routed)           2.076     3.533    clk_IBUF
    BUFGCTRL_X0Y16       BUFG (Prop_bufg_I_O)         0.101     3.634 r  clk_IBUF_BUFG_inst/O
                         net (fo=23, routed)          1.736     5.370    clk_IBUF_BUFG
    SLICE_X39Y90         FDRE                                         r  counter_reg[5]/C
  -------------------------------------------------------------------    -------------------
    SLICE_X39Y90         FDRE (Prop_fdre_C_Q)         0.419     5.789 r  counter_reg[5]/Q
                         net (fo=11, routed)          1.156     6.945    counter_reg_n_0_[5]
    SLICE_X39Y89         LUT6 (Prop_lut6_I0_O)        0.296     7.241 f  counter[16]_i_4/O
                         net (fo=1, routed)           0.648     7.890    counter[16]_i_4_n_0
    SLICE_X39Y89         LUT6 (Prop_lut6_I0_O)        0.124     8.014 f  counter[16]_i_3/O
                         net (fo=16, routed)          0.826     8.840    counter[16]_i_3_n_0
    SLICE_X39Y90         LUT2 (Prop_lut2_I1_O)        0.124     8.964 r  counter[16]_i_1/O
                         net (fo=1, routed)           0.000     8.964    counter[16]
    SLICE_X39Y90         FDRE                                         r  counter_reg[16]/D
  -------------------------------------------------------------------    -------------------

                         (clock sys_clk_pin rise edge)
                                                      8.000     8.000 r  
    H16                                               0.000     8.000 r  clk (IN)
                         net (fo=0)                   0.000     8.000    clk
    H16                  IBUF (Prop_ibuf_I_O)         1.387     9.387 r  clk_IBUF_inst/O
                         net (fo=1, routed)           1.880    11.267    clk_IBUF
    BUFGCTRL_X0Y16       BUFG (Prop_bufg_I_O)         0.091    11.358 r  clk_IBUF_BUFG_inst/O
                         net (fo=23, routed)          1.560    12.918    clk_IBUF_BUFG
    SLICE_X39Y90         FDRE                                         r  counter_reg[16]/C
                         clock pessimism              0.453    13.370    
                         clock uncertainty           -0.035    13.335    
    SLICE_X39Y90         FDRE (Setup_fdre_C_D)        0.031    13.366    counter_reg[16]
  -------------------------------------------------------------------
                         required time                         13.366    
                         arrival time                          -8.964    
  -------------------------------------------------------------------
                         slack                                  4.402    

Slack (MET) :             4.417ns  (required time - arrival time)
  Source:                 counter_reg[5]/C
                            (rising edge-triggered cell FDRE clocked by sys_clk_pin  {rise@0.000ns fall@4.000ns period=8.000ns})
  Destination:            counter_reg[3]/D
                            (rising edge-triggered cell FDRE clocked by sys_clk_pin  {rise@0.000ns fall@4.000ns period=8.000ns})
  Path Group:             sys_clk_pin
  Path Type:              Setup (Max at Slow Process Corner)
  Requirement:            8.000ns  (sys_clk_pin rise@8.000ns - sys_clk_pin rise@0.000ns)
  Data Path Delay:        3.623ns  (logic 0.992ns (27.384%)  route 2.631ns (72.616%))
  Logic Levels:           3  (LUT2=1 LUT6=2)
  Clock Path Skew:        0.000ns (DCD - SCD + CPR)
    Destination Clock Delay (DCD):    4.918ns = ( 12.918 - 8.000 ) 
    Source Clock Delay      (SCD):    5.370ns
    Clock Pessimism Removal (CPR):    0.453ns
  Clock Uncertainty:      0.035ns  ((TSJ^2 + TIJ^2)^1/2 + DJ) / 2 + PE
    Total System Jitter     (TSJ):    0.071ns
    Total Input Jitter      (TIJ):    0.000ns
    Discrete Jitter          (DJ):    0.000ns
    Phase Error              (PE):    0.000ns

    Location             Delay type                Incr(ns)  Path(ns)    Netlist Resource(s)
  -------------------------------------------------------------------    -------------------
                         (clock sys_clk_pin rise edge)
                                                      0.000     0.000 r  
    H16                                               0.000     0.000 r  clk (IN)
                         net (fo=0)                   0.000     0.000    clk
    H16                  IBUF (Prop_ibuf_I_O)         1.457     1.457 r  clk_IBUF_inst/O
                         net (fo=1, routed)           2.076     3.533    clk_IBUF
    BUFGCTRL_X0Y16       BUFG (Prop_bufg_I_O)         0.101     3.634 r  clk_IBUF_BUFG_inst/O
                         net (fo=23, routed)          1.736     5.370    clk_IBUF_BUFG
    SLICE_X39Y90         FDRE                                         r  counter_reg[5]/C
  -------------------------------------------------------------------    -------------------
    SLICE_X39Y90         FDRE (Prop_fdre_C_Q)         0.419     5.789 r  counter_reg[5]/Q
                         net (fo=11, routed)          1.156     6.945    counter_reg_n_0_[5]
    SLICE_X39Y89         LUT6 (Prop_lut6_I0_O)        0.296     7.241 f  counter[16]_i_4/O
                         net (fo=1, routed)           0.648     7.890    counter[16]_i_4_n_0
    SLICE_X39Y89         LUT6 (Prop_lut6_I0_O)        0.124     8.014 f  counter[16]_i_3/O
                         net (fo=16, routed)          0.826     8.840    counter[16]_i_3_n_0
    SLICE_X39Y90         LUT2 (Prop_lut2_I1_O)        0.153     8.993 r  counter[3]_i_1/O
                         net (fo=1, routed)           0.000     8.993    counter[3]
    SLICE_X39Y90         FDRE                                         r  counter_reg[3]/D
  -------------------------------------------------------------------    -------------------

                         (clock sys_clk_pin rise edge)
                                                      8.000     8.000 r  
    H16                                               0.000     8.000 r  clk (IN)
                         net (fo=0)                   0.000     8.000    clk
    H16                  IBUF (Prop_ibuf_I_O)         1.387     9.387 r  clk_IBUF_inst/O
                         net (fo=1, routed)           1.880    11.267    clk_IBUF
    BUFGCTRL_X0Y16       BUFG (Prop_bufg_I_O)         0.091    11.358 r  clk_IBUF_BUFG_inst/O
                         net (fo=23, routed)          1.560    12.918    clk_IBUF_BUFG
    SLICE_X39Y90         FDRE                                         r  counter_reg[3]/C
                         clock pessimism              0.453    13.370    
                         clock uncertainty           -0.035    13.335    
    SLICE_X39Y90         FDRE (Setup_fdre_C_D)        0.075    13.410    counter_reg[3]
  -------------------------------------------------------------------
                         required time                         13.410    
                         arrival time                          -8.993    
  -------------------------------------------------------------------
                         slack                                  4.417    

Slack (MET) :             4.465ns  (required time - arrival time)
  Source:                 counter_reg[2]/C
                            (rising edge-triggered cell FDRE clocked by sys_clk_pin  {rise@0.000ns fall@4.000ns period=8.000ns})
  Destination:            counter_reg[8]/D
                            (rising edge-triggered cell FDRE clocked by sys_clk_pin  {rise@0.000ns fall@4.000ns period=8.000ns})
  Path Group:             sys_clk_pin
  Path Type:              Setup (Max at Slow Process Corner)
  Requirement:            8.000ns  (sys_clk_pin rise@8.000ns - sys_clk_pin rise@0.000ns)
  Data Path Delay:        3.550ns  (logic 1.896ns (53.410%)  route 1.654ns (46.590%))
  Logic Levels:           3  (CARRY4=2 LUT2=1)
  Clock Path Skew:        -0.025ns (DCD - SCD + CPR)
    Destination Clock Delay (DCD):    4.918ns = ( 12.918 - 8.000 ) 
    Source Clock Delay      (SCD):    5.370ns
    Clock Pessimism Removal (CPR):    0.428ns
  Clock Uncertainty:      0.035ns  ((TSJ^2 + TIJ^2)^1/2 + DJ) / 2 + PE
    Total System Jitter     (TSJ):    0.071ns
    Total Input Jitter      (TIJ):    0.000ns
    Discrete Jitter          (DJ):    0.000ns
    Phase Error              (PE):    0.000ns

    Location             Delay type                Incr(ns)  Path(ns)    Netlist Resource(s)
  -------------------------------------------------------------------    -------------------
                         (clock sys_clk_pin rise edge)
                                                      0.000     0.000 r  
    H16                                               0.000     0.000 r  clk (IN)
                         net (fo=0)                   0.000     0.000    clk
    H16                  IBUF (Prop_ibuf_I_O)         1.457     1.457 r  clk_IBUF_inst/O
                         net (fo=1, routed)           2.076     3.533    clk_IBUF
    BUFGCTRL_X0Y16       BUFG (Prop_bufg_I_O)         0.101     3.634 r  clk_IBUF_BUFG_inst/O
                         net (fo=23, routed)          1.736     5.370    clk_IBUF_BUFG
    SLICE_X37Y90         FDRE                                         r  counter_reg[2]/C
  -------------------------------------------------------------------    -------------------
    SLICE_X37Y90         FDRE (Prop_fdre_C_Q)         0.419     5.789 r  counter_reg[2]/Q
                         net (fo=7, routed)           1.017     6.806    counter_reg_n_0_[2]
    SLICE_X38Y88         CARRY4 (Prop_carry4_S[1]_CO[3])
                                                      0.829     7.635 r  counter_reg[4]_i_2/CO[3]
                         net (fo=1, routed)           0.000     7.635    counter_reg[4]_i_2_n_0
    SLICE_X38Y89         CARRY4 (Prop_carry4_CI_O[3])
                                                      0.315     7.950 r  counter_reg[8]_i_2/O[3]
                         net (fo=1, routed)           0.637     8.587    data0[8]
    SLICE_X39Y90         LUT2 (Prop_lut2_I0_O)        0.333     8.920 r  counter[8]_i_1/O
                         net (fo=1, routed)           0.000     8.920    counter[8]
    SLICE_X39Y90         FDRE                                         r  counter_reg[8]/D
  -------------------------------------------------------------------    -------------------

                         (clock sys_clk_pin rise edge)
                                                      8.000     8.000 r  
    H16                                               0.000     8.000 r  clk (IN)
                         net (fo=0)                   0.000     8.000    clk
    H16                  IBUF (Prop_ibuf_I_O)         1.387     9.387 r  clk_IBUF_inst/O
                         net (fo=1, routed)           1.880    11.267    clk_IBUF
    BUFGCTRL_X0Y16       BUFG (Prop_bufg_I_O)         0.091    11.358 r  clk_IBUF_BUFG_inst/O
                         net (fo=23, routed)          1.560    12.918    clk_IBUF_BUFG
    SLICE_X39Y90         FDRE                                         r  counter_reg[8]/C
                         clock pessimism              0.428    13.345    
                         clock uncertainty           -0.035    13.310    
    SLICE_X39Y90         FDRE (Setup_fdre_C_D)        0.075    13.385    counter_reg[8]
  -------------------------------------------------------------------
                         required time                         13.385    
                         arrival time                          -8.920    
  -------------------------------------------------------------------
                         slack                                  4.465    

Slack (MET) :             4.501ns  (required time - arrival time)
  Source:                 counter_reg[2]/C
                            (rising edge-triggered cell FDRE clocked by sys_clk_pin  {rise@0.000ns fall@4.000ns period=8.000ns})
  Destination:            counter_reg[11]/D
                            (rising edge-triggered cell FDRE clocked by sys_clk_pin  {rise@0.000ns fall@4.000ns period=8.000ns})
  Path Group:             sys_clk_pin
  Path Type:              Setup (Max at Slow Process Corner)
  Requirement:            8.000ns  (sys_clk_pin rise@8.000ns - sys_clk_pin rise@0.000ns)
  Data Path Delay:        3.493ns  (logic 1.905ns (54.542%)  route 1.588ns (45.458%))
  Logic Levels:           4  (CARRY4=3 LUT2=1)
  Clock Path Skew:        0.000ns (DCD - SCD + CPR)
    Destination Clock Delay (DCD):    4.918ns = ( 12.918 - 8.000 ) 
    Source Clock Delay      (SCD):    5.370ns
    Clock Pessimism Removal (CPR):    0.453ns
  Clock Uncertainty:      0.035ns  ((TSJ^2 + TIJ^2)^1/2 + DJ) / 2 + PE
    Total System Jitter     (TSJ):    0.071ns
    Total Input Jitter      (TIJ):    0.000ns
    Discrete Jitter          (DJ):    0.000ns
    Phase Error              (PE):    0.000ns

    Location             Delay type                Incr(ns)  Path(ns)    Netlist Resource(s)
  -------------------------------------------------------------------    -------------------
                         (clock sys_clk_pin rise edge)
                                                      0.000     0.000 r  
    H16                                               0.000     0.000 r  clk (IN)
                         net (fo=0)                   0.000     0.000    clk
    H16                  IBUF (Prop_ibuf_I_O)         1.457     1.457 r  clk_IBUF_inst/O
                         net (fo=1, routed)           2.076     3.533    clk_IBUF
    BUFGCTRL_X0Y16       BUFG (Prop_bufg_I_O)         0.101     3.634 r  clk_IBUF_BUFG_inst/O
                         net (fo=23, routed)          1.736     5.370    clk_IBUF_BUFG
    SLICE_X37Y90         FDRE                                         r  counter_reg[2]/C
  -------------------------------------------------------------------    -------------------
    SLICE_X37Y90         FDRE (Prop_fdre_C_Q)         0.419     5.789 r  counter_reg[2]/Q
                         net (fo=7, routed)           1.017     6.806    counter_reg_n_0_[2]
    SLICE_X38Y88         CARRY4 (Prop_carry4_S[1]_CO[3])
                                                      0.829     7.635 r  counter_reg[4]_i_2/CO[3]
                         net (fo=1, routed)           0.000     7.635    counter_reg[4]_i_2_n_0
    SLICE_X38Y89         CARRY4 (Prop_carry4_CI_CO[3])
                                                      0.117     7.752 r  counter_reg[8]_i_2/CO[3]
                         net (fo=1, routed)           0.000     7.752    counter_reg[8]_i_2_n_0
    SLICE_X38Y90         CARRY4 (Prop_carry4_CI_O[2])
                                                      0.239     7.991 r  counter_reg[12]_i_2/O[2]
                         net (fo=1, routed)           0.571     8.562    data0[11]
    SLICE_X37Y90         LUT2 (Prop_lut2_I0_O)        0.301     8.863 r  counter[11]_i_1/O
                         net (fo=1, routed)           0.000     8.863    counter[11]
    SLICE_X37Y90         FDRE                                         r  counter_reg[11]/D
  -------------------------------------------------------------------    -------------------

                         (clock sys_clk_pin rise edge)
                                                      8.000     8.000 r  
    H16                                               0.000     8.000 r  clk (IN)
                         net (fo=0)                   0.000     8.000    clk
    H16                  IBUF (Prop_ibuf_I_O)         1.387     9.387 r  clk_IBUF_inst/O
                         net (fo=1, routed)           1.880    11.267    clk_IBUF
    BUFGCTRL_X0Y16       BUFG (Prop_bufg_I_O)         0.091    11.358 r  clk_IBUF_BUFG_inst/O
                         net (fo=23, routed)          1.560    12.918    clk_IBUF_BUFG
    SLICE_X37Y90         FDRE                                         r  counter_reg[11]/C
                         clock pessimism              0.453    13.370    
                         clock uncertainty           -0.035    13.335    
    SLICE_X37Y90         FDRE (Setup_fdre_C_D)        0.029    13.364    counter_reg[11]
  -------------------------------------------------------------------
                         required time                         13.364    
                         arrival time                          -8.863    
  -------------------------------------------------------------------
                         slack                                  4.501    





Min Delay Paths
--------------------------------------------------------------------------------------
Slack (MET) :             0.216ns  (arrival time - required time)
  Source:                 duty_select_reg[0]/C
                            (rising edge-triggered cell FDRE clocked by sys_clk_pin  {rise@0.000ns fall@4.000ns period=8.000ns})
  Destination:            duty_select_reg[3]/D
                            (rising edge-triggered cell FDRE clocked by sys_clk_pin  {rise@0.000ns fall@4.000ns period=8.000ns})
  Path Group:             sys_clk_pin
  Path Type:              Hold (Min at Fast Process Corner)
  Requirement:            0.000ns  (sys_clk_pin rise@0.000ns - sys_clk_pin rise@0.000ns)
  Data Path Delay:        0.342ns  (logic 0.186ns (54.332%)  route 0.156ns (45.668%))
  Logic Levels:           1  (LUT6=1)
  Clock Path Skew:        0.034ns (DCD - SCD - CPR)
    Destination Clock Delay (DCD):    1.980ns
    Source Clock Delay      (SCD):    1.465ns
    Clock Pessimism Removal (CPR):    0.481ns

    Location             Delay type                Incr(ns)  Path(ns)    Netlist Resource(s)
  -------------------------------------------------------------------    -------------------
                         (clock sys_clk_pin rise edge)
                                                      0.000     0.000 r  
    H16                                               0.000     0.000 r  clk (IN)
                         net (fo=0)                   0.000     0.000    clk
    H16                  IBUF (Prop_ibuf_I_O)         0.225     0.225 r  clk_IBUF_inst/O
                         net (fo=1, routed)           0.627     0.852    clk_IBUF
    BUFGCTRL_X0Y16       BUFG (Prop_bufg_I_O)         0.026     0.878 r  clk_IBUF_BUFG_inst/O
                         net (fo=23, routed)          0.587     1.465    clk_IBUF_BUFG
    SLICE_X40Y91         FDRE                                         r  duty_select_reg[0]/C
  -------------------------------------------------------------------    -------------------
    SLICE_X40Y91         FDRE (Prop_fdre_C_Q)         0.141     1.606 r  duty_select_reg[0]/Q
                         net (fo=11, routed)          0.156     1.762    duty_select[0]
    SLICE_X39Y91         LUT6 (Prop_lut6_I3_O)        0.045     1.807 r  duty_select[3]_i_2/O
                         net (fo=1, routed)           0.000     1.807    duty_select[3]_i_2_n_0
    SLICE_X39Y91         FDRE                                         r  duty_select_reg[3]/D
  -------------------------------------------------------------------    -------------------

                         (clock sys_clk_pin rise edge)
                                                      0.000     0.000 r  
    H16                                               0.000     0.000 r  clk (IN)
                         net (fo=0)                   0.000     0.000    clk
    H16                  IBUF (Prop_ibuf_I_O)         0.413     0.413 r  clk_IBUF_inst/O
                         net (fo=1, routed)           0.683     1.096    clk_IBUF
    BUFGCTRL_X0Y16       BUFG (Prop_bufg_I_O)         0.029     1.125 r  clk_IBUF_BUFG_inst/O
                         net (fo=23, routed)          0.855     1.980    clk_IBUF_BUFG
    SLICE_X39Y91         FDRE                                         r  duty_select_reg[3]/C
                         clock pessimism             -0.481     1.499    
    SLICE_X39Y91         FDRE (Hold_fdre_C_D)         0.092     1.591    duty_select_reg[3]
  -------------------------------------------------------------------
                         required time                         -1.591    
                         arrival time                           1.807    
  -------------------------------------------------------------------
                         slack                                  0.216    

Slack (MET) :             0.257ns  (arrival time - required time)
  Source:                 button_down_old_reg/C
                            (rising edge-triggered cell FDRE clocked by sys_clk_pin  {rise@0.000ns fall@4.000ns period=8.000ns})
  Destination:            duty_select_reg[0]/D
                            (rising edge-triggered cell FDRE clocked by sys_clk_pin  {rise@0.000ns fall@4.000ns period=8.000ns})
  Path Group:             sys_clk_pin
  Path Type:              Hold (Min at Fast Process Corner)
  Requirement:            0.000ns  (sys_clk_pin rise@0.000ns - sys_clk_pin rise@0.000ns)
  Data Path Delay:        0.386ns  (logic 0.209ns (54.078%)  route 0.177ns (45.922%))
  Logic Levels:           1  (LUT6=1)
  Clock Path Skew:        0.038ns (DCD - SCD - CPR)
    Destination Clock Delay (DCD):    1.982ns
    Source Clock Delay      (SCD):    1.463ns
    Clock Pessimism Removal (CPR):    0.481ns

    Location             Delay type                Incr(ns)  Path(ns)    Netlist Resource(s)
  -------------------------------------------------------------------    -------------------
                         (clock sys_clk_pin rise edge)
                                                      0.000     0.000 r  
    H16                                               0.000     0.000 r  clk (IN)
                         net (fo=0)                   0.000     0.000    clk
    H16                  IBUF (Prop_ibuf_I_O)         0.225     0.225 r  clk_IBUF_inst/O
                         net (fo=1, routed)           0.627     0.852    clk_IBUF
    BUFGCTRL_X0Y16       BUFG (Prop_bufg_I_O)         0.026     0.878 r  clk_IBUF_BUFG_inst/O
                         net (fo=23, routed)          0.585     1.463    clk_IBUF_BUFG
    SLICE_X38Y90         FDRE                                         r  button_down_old_reg/C
  -------------------------------------------------------------------    -------------------
    SLICE_X38Y90         FDRE (Prop_fdre_C_Q)         0.164     1.627 r  button_down_old_reg/Q
                         net (fo=5, routed)           0.177     1.805    button_down_old
    SLICE_X40Y91         LUT6 (Prop_lut6_I5_O)        0.045     1.850 r  duty_select[0]_i_1/O
                         net (fo=1, routed)           0.000     1.850    duty_select[0]_i_1_n_0
    SLICE_X40Y91         FDRE                                         r  duty_select_reg[0]/D
  -------------------------------------------------------------------    -------------------

                         (clock sys_clk_pin rise edge)
                                                      0.000     0.000 r  
    H16                                               0.000     0.000 r  clk (IN)
                         net (fo=0)                   0.000     0.000    clk
    H16                  IBUF (Prop_ibuf_I_O)         0.413     0.413 r  clk_IBUF_inst/O
                         net (fo=1, routed)           0.683     1.096    clk_IBUF
    BUFGCTRL_X0Y16       BUFG (Prop_bufg_I_O)         0.029     1.125 r  clk_IBUF_BUFG_inst/O
                         net (fo=23, routed)          0.857     1.982    clk_IBUF_BUFG
    SLICE_X40Y91         FDRE                                         r  duty_select_reg[0]/C
                         clock pessimism             -0.481     1.501    
    SLICE_X40Y91         FDRE (Hold_fdre_C_D)         0.091     1.592    duty_select_reg[0]
  -------------------------------------------------------------------
                         required time                         -1.592    
                         arrival time                           1.850    
  -------------------------------------------------------------------
                         slack                                  0.257    

Slack (MET) :             0.270ns  (arrival time - required time)
  Source:                 button_down_old_reg/C
                            (rising edge-triggered cell FDRE clocked by sys_clk_pin  {rise@0.000ns fall@4.000ns period=8.000ns})
  Destination:            duty_select_reg[1]/D
                            (rising edge-triggered cell FDRE clocked by sys_clk_pin  {rise@0.000ns fall@4.000ns period=8.000ns})
  Path Group:             sys_clk_pin
  Path Type:              Hold (Min at Fast Process Corner)
  Requirement:            0.000ns  (sys_clk_pin rise@0.000ns - sys_clk_pin rise@0.000ns)
  Data Path Delay:        0.377ns  (logic 0.209ns (55.372%)  route 0.168ns (44.628%))
  Logic Levels:           1  (LUT6=1)
  Clock Path Skew:        0.016ns (DCD - SCD - CPR)
    Destination Clock Delay (DCD):    1.980ns
    Source Clock Delay      (SCD):    1.463ns
    Clock Pessimism Removal (CPR):    0.501ns

    Location             Delay type                Incr(ns)  Path(ns)    Netlist Resource(s)
  -------------------------------------------------------------------    -------------------
                         (clock sys_clk_pin rise edge)
                                                      0.000     0.000 r  
    H16                                               0.000     0.000 r  clk (IN)
                         net (fo=0)                   0.000     0.000    clk
    H16                  IBUF (Prop_ibuf_I_O)         0.225     0.225 r  clk_IBUF_inst/O
                         net (fo=1, routed)           0.627     0.852    clk_IBUF
    BUFGCTRL_X0Y16       BUFG (Prop_bufg_I_O)         0.026     0.878 r  clk_IBUF_BUFG_inst/O
                         net (fo=23, routed)          0.585     1.463    clk_IBUF_BUFG
    SLICE_X38Y90         FDRE                                         r  button_down_old_reg/C
  -------------------------------------------------------------------    -------------------
    SLICE_X38Y90         FDRE (Prop_fdre_C_Q)         0.164     1.627 r  button_down_old_reg/Q
                         net (fo=5, routed)           0.168     1.796    button_down_old
    SLICE_X39Y91         LUT6 (Prop_lut6_I4_O)        0.045     1.841 r  duty_select[1]_i_1/O
                         net (fo=1, routed)           0.000     1.841    duty_select[1]_i_1_n_0
    SLICE_X39Y91         FDRE                                         r  duty_select_reg[1]/D
  -------------------------------------------------------------------    -------------------

                         (clock sys_clk_pin rise edge)
                                                      0.000     0.000 r  
    H16                                               0.000     0.000 r  clk (IN)
                         net (fo=0)                   0.000     0.000    clk
    H16                  IBUF (Prop_ibuf_I_O)         0.413     0.413 r  clk_IBUF_inst/O
                         net (fo=1, routed)           0.683     1.096    clk_IBUF
    BUFGCTRL_X0Y16       BUFG (Prop_bufg_I_O)         0.029     1.125 r  clk_IBUF_BUFG_inst/O
                         net (fo=23, routed)          0.855     1.980    clk_IBUF_BUFG
    SLICE_X39Y91         FDRE                                         r  duty_select_reg[1]/C
                         clock pessimism             -0.501     1.479    
    SLICE_X39Y91         FDRE (Hold_fdre_C_D)         0.091     1.570    duty_select_reg[1]
  -------------------------------------------------------------------
                         required time                         -1.570    
                         arrival time                           1.841    
  -------------------------------------------------------------------
                         slack                                  0.270    

Slack (MET) :             0.270ns  (arrival time - required time)
  Source:                 button_down_old_reg/C
                            (rising edge-triggered cell FDRE clocked by sys_clk_pin  {rise@0.000ns fall@4.000ns period=8.000ns})
  Destination:            duty_select_reg[2]/D
                            (rising edge-triggered cell FDRE clocked by sys_clk_pin  {rise@0.000ns fall@4.000ns period=8.000ns})
  Path Group:             sys_clk_pin
  Path Type:              Hold (Min at Fast Process Corner)
  Requirement:            0.000ns  (sys_clk_pin rise@0.000ns - sys_clk_pin rise@0.000ns)
  Data Path Delay:        0.378ns  (logic 0.209ns (55.226%)  route 0.169ns (44.774%))
  Logic Levels:           1  (LUT6=1)
  Clock Path Skew:        0.016ns (DCD - SCD - CPR)
    Destination Clock Delay (DCD):    1.980ns
    Source Clock Delay      (SCD):    1.463ns
    Clock Pessimism Removal (CPR):    0.501ns

    Location             Delay type                Incr(ns)  Path(ns)    Netlist Resource(s)
  -------------------------------------------------------------------    -------------------
                         (clock sys_clk_pin rise edge)
                                                      0.000     0.000 r  
    H16                                               0.000     0.000 r  clk (IN)
                         net (fo=0)                   0.000     0.000    clk
    H16                  IBUF (Prop_ibuf_I_O)         0.225     0.225 r  clk_IBUF_inst/O
                         net (fo=1, routed)           0.627     0.852    clk_IBUF
    BUFGCTRL_X0Y16       BUFG (Prop_bufg_I_O)         0.026     0.878 r  clk_IBUF_BUFG_inst/O
                         net (fo=23, routed)          0.585     1.463    clk_IBUF_BUFG
    SLICE_X38Y90         FDRE                                         r  button_down_old_reg/C
  -------------------------------------------------------------------    -------------------
    SLICE_X38Y90         FDRE (Prop_fdre_C_Q)         0.164     1.627 r  button_down_old_reg/Q
                         net (fo=5, routed)           0.169     1.797    button_down_old
    SLICE_X39Y91         LUT6 (Prop_lut6_I5_O)        0.045     1.842 r  duty_select[2]_i_1/O
                         net (fo=1, routed)           0.000     1.842    duty_select[2]_i_1_n_0
    SLICE_X39Y91         FDRE                                         r  duty_select_reg[2]/D
  -------------------------------------------------------------------    -------------------

                         (clock sys_clk_pin rise edge)
                                                      0.000     0.000 r  
    H16                                               0.000     0.000 r  clk (IN)
                         net (fo=0)                   0.000     0.000    clk
    H16                  IBUF (Prop_ibuf_I_O)         0.413     0.413 r  clk_IBUF_inst/O
                         net (fo=1, routed)           0.683     1.096    clk_IBUF
    BUFGCTRL_X0Y16       BUFG (Prop_bufg_I_O)         0.029     1.125 r  clk_IBUF_BUFG_inst/O
                         net (fo=23, routed)          0.855     1.980    clk_IBUF_BUFG
    SLICE_X39Y91         FDRE                                         r  duty_select_reg[2]/C
                         clock pessimism             -0.501     1.479    
    SLICE_X39Y91         FDRE (Hold_fdre_C_D)         0.092     1.571    duty_select_reg[2]
  -------------------------------------------------------------------
                         required time                         -1.571    
                         arrival time                           1.842    
  -------------------------------------------------------------------
                         slack                                  0.270    

Slack (MET) :             0.427ns  (arrival time - required time)
  Source:                 counter_reg[0]/C
                            (rising edge-triggered cell FDRE clocked by sys_clk_pin  {rise@0.000ns fall@4.000ns period=8.000ns})
  Destination:            counter_reg[0]/D
                            (rising edge-triggered cell FDRE clocked by sys_clk_pin  {rise@0.000ns fall@4.000ns period=8.000ns})
  Path Group:             sys_clk_pin
  Path Type:              Hold (Min at Fast Process Corner)
  Requirement:            0.000ns  (sys_clk_pin rise@0.000ns - sys_clk_pin rise@0.000ns)
  Data Path Delay:        0.517ns  (logic 0.209ns (40.401%)  route 0.308ns (59.599%))
  Logic Levels:           1  (LUT1=1)
  Clock Path Skew:        0.000ns (DCD - SCD - CPR)
    Destination Clock Delay (DCD):    1.979ns
    Source Clock Delay      (SCD):    1.462ns
    Clock Pessimism Removal (CPR):    0.517ns

    Location             Delay type                Incr(ns)  Path(ns)    Netlist Resource(s)
  -------------------------------------------------------------------    -------------------
                         (clock sys_clk_pin rise edge)
                                                      0.000     0.000 r  
    H16                                               0.000     0.000 r  clk (IN)
                         net (fo=0)                   0.000     0.000    clk
    H16                  IBUF (Prop_ibuf_I_O)         0.225     0.225 r  clk_IBUF_inst/O
                         net (fo=1, routed)           0.627     0.852    clk_IBUF
    BUFGCTRL_X0Y16       BUFG (Prop_bufg_I_O)         0.026     0.878 r  clk_IBUF_BUFG_inst/O
                         net (fo=23, routed)          0.584     1.462    clk_IBUF_BUFG
    SLICE_X38Y88         FDRE                                         r  counter_reg[0]/C
  -------------------------------------------------------------------    -------------------
    SLICE_X38Y88         FDRE (Prop_fdre_C_Q)         0.164     1.626 f  counter_reg[0]/Q
                         net (fo=3, routed)           0.146     1.772    counter_reg_n_0_[0]
    SLICE_X39Y88         LUT1 (Prop_lut1_I0_O)        0.045     1.817 r  counter[0]_i_1/O
                         net (fo=1, routed)           0.162     1.979    counter[0]
    SLICE_X38Y88         FDRE                                         r  counter_reg[0]/D
  -------------------------------------------------------------------    -------------------

                         (clock sys_clk_pin rise edge)
                                                      0.000     0.000 r  
    H16                                               0.000     0.000 r  clk (IN)
                         net (fo=0)                   0.000     0.000    clk
    H16                  IBUF (Prop_ibuf_I_O)         0.413     0.413 r  clk_IBUF_inst/O
                         net (fo=1, routed)           0.683     1.096    clk_IBUF
    BUFGCTRL_X0Y16       BUFG (Prop_bufg_I_O)         0.029     1.125 r  clk_IBUF_BUFG_inst/O
                         net (fo=23, routed)          0.854     1.979    clk_IBUF_BUFG
    SLICE_X38Y88         FDRE                                         r  counter_reg[0]/C
                         clock pessimism             -0.517     1.462    
    SLICE_X38Y88         FDRE (Hold_fdre_C_D)         0.090     1.552    counter_reg[0]
  -------------------------------------------------------------------
                         required time                         -1.552    
                         arrival time                           1.979    
  -------------------------------------------------------------------
                         slack                                  0.427    

Slack (MET) :             0.507ns  (arrival time - required time)
  Source:                 button_down_old_reg/C
                            (rising edge-triggered cell FDRE clocked by sys_clk_pin  {rise@0.000ns fall@4.000ns period=8.000ns})
  Destination:            duty_select_reg[0]/CE
                            (rising edge-triggered cell FDRE clocked by sys_clk_pin  {rise@0.000ns fall@4.000ns period=8.000ns})
  Path Group:             sys_clk_pin
  Path Type:              Hold (Min at Fast Process Corner)
  Requirement:            0.000ns  (sys_clk_pin rise@0.000ns - sys_clk_pin rise@0.000ns)
  Data Path Delay:        0.506ns  (logic 0.209ns (41.269%)  route 0.297ns (58.731%))
  Logic Levels:           1  (LUT4=1)
  Clock Path Skew:        0.038ns (DCD - SCD - CPR)
    Destination Clock Delay (DCD):    1.982ns
    Source Clock Delay      (SCD):    1.463ns
    Clock Pessimism Removal (CPR):    0.481ns

    Location             Delay type                Incr(ns)  Path(ns)    Netlist Resource(s)
  -------------------------------------------------------------------    -------------------
                         (clock sys_clk_pin rise edge)
                                                      0.000     0.000 r  
    H16                                               0.000     0.000 r  clk (IN)
                         net (fo=0)                   0.000     0.000    clk
    H16                  IBUF (Prop_ibuf_I_O)         0.225     0.225 r  clk_IBUF_inst/O
                         net (fo=1, routed)           0.627     0.852    clk_IBUF
    BUFGCTRL_X0Y16       BUFG (Prop_bufg_I_O)         0.026     0.878 r  clk_IBUF_BUFG_inst/O
                         net (fo=23, routed)          0.585     1.463    clk_IBUF_BUFG
    SLICE_X38Y90         FDRE                                         r  button_down_old_reg/C
  -------------------------------------------------------------------    -------------------
    SLICE_X38Y90         FDRE (Prop_fdre_C_Q)         0.164     1.627 f  button_down_old_reg/Q
                         net (fo=5, routed)           0.176     1.803    button_down_old
    SLICE_X40Y90         LUT4 (Prop_lut4_I2_O)        0.045     1.848 r  duty_select[3]_i_1/O
                         net (fo=4, routed)           0.122     1.970    duty_select[3]_i_1_n_0
    SLICE_X40Y91         FDRE                                         r  duty_select_reg[0]/CE
  -------------------------------------------------------------------    -------------------

                         (clock sys_clk_pin rise edge)
                                                      0.000     0.000 r  
    H16                                               0.000     0.000 r  clk (IN)
                         net (fo=0)                   0.000     0.000    clk
    H16                  IBUF (Prop_ibuf_I_O)         0.413     0.413 r  clk_IBUF_inst/O
                         net (fo=1, routed)           0.683     1.096    clk_IBUF
    BUFGCTRL_X0Y16       BUFG (Prop_bufg_I_O)         0.029     1.125 r  clk_IBUF_BUFG_inst/O
                         net (fo=23, routed)          0.857     1.982    clk_IBUF_BUFG
    SLICE_X40Y91         FDRE                                         r  duty_select_reg[0]/C
                         clock pessimism             -0.481     1.501    
    SLICE_X40Y91         FDRE (Hold_fdre_C_CE)       -0.039     1.462    duty_select_reg[0]
  -------------------------------------------------------------------
                         required time                         -1.462    
                         arrival time                           1.970    
  -------------------------------------------------------------------
                         slack                                  0.507    

Slack (MET) :             0.515ns  (arrival time - required time)
  Source:                 counter_reg[14]/C
                            (rising edge-triggered cell FDRE clocked by sys_clk_pin  {rise@0.000ns fall@4.000ns period=8.000ns})
  Destination:            counter_reg[7]/D
                            (rising edge-triggered cell FDRE clocked by sys_clk_pin  {rise@0.000ns fall@4.000ns period=8.000ns})
  Path Group:             sys_clk_pin
  Path Type:              Hold (Min at Fast Process Corner)
  Requirement:            0.000ns  (sys_clk_pin rise@0.000ns - sys_clk_pin rise@0.000ns)
  Data Path Delay:        0.639ns  (logic 0.234ns (36.642%)  route 0.405ns (63.358%))
  Logic Levels:           2  (LUT2=1 LUT6=1)
  Clock Path Skew:        0.017ns (DCD - SCD - CPR)
    Destination Clock Delay (DCD):    1.980ns
    Source Clock Delay      (SCD):    1.462ns
    Clock Pessimism Removal (CPR):    0.501ns

    Location             Delay type                Incr(ns)  Path(ns)    Netlist Resource(s)
  -------------------------------------------------------------------    -------------------
                         (clock sys_clk_pin rise edge)
                                                      0.000     0.000 r  
    H16                                               0.000     0.000 r  clk (IN)
                         net (fo=0)                   0.000     0.000    clk
    H16                  IBUF (Prop_ibuf_I_O)         0.225     0.225 r  clk_IBUF_inst/O
                         net (fo=1, routed)           0.627     0.852    clk_IBUF
    BUFGCTRL_X0Y16       BUFG (Prop_bufg_I_O)         0.026     0.878 r  clk_IBUF_BUFG_inst/O
                         net (fo=23, routed)          0.584     1.462    clk_IBUF_BUFG
    SLICE_X39Y88         FDRE                                         r  counter_reg[14]/C
  -------------------------------------------------------------------    -------------------
    SLICE_X39Y88         FDRE (Prop_fdre_C_Q)         0.141     1.603 f  counter_reg[14]/Q
                         net (fo=12, routed)          0.223     1.827    counter_reg_n_0_[14]
    SLICE_X39Y89         LUT6 (Prop_lut6_I4_O)        0.045     1.872 f  counter[16]_i_3/O
                         net (fo=16, routed)          0.181     2.053    counter[16]_i_3_n_0
    SLICE_X37Y90         LUT2 (Prop_lut2_I1_O)        0.048     2.101 r  counter[7]_i_1/O
                         net (fo=1, routed)           0.000     2.101    counter[7]
    SLICE_X37Y90         FDRE                                         r  counter_reg[7]/D
  -------------------------------------------------------------------    -------------------

                         (clock sys_clk_pin rise edge)
                                                      0.000     0.000 r  
    H16                                               0.000     0.000 r  clk (IN)
                         net (fo=0)                   0.000     0.000    clk
    H16                  IBUF (Prop_ibuf_I_O)         0.413     0.413 r  clk_IBUF_inst/O
                         net (fo=1, routed)           0.683     1.096    clk_IBUF
    BUFGCTRL_X0Y16       BUFG (Prop_bufg_I_O)         0.029     1.125 r  clk_IBUF_BUFG_inst/O
                         net (fo=23, routed)          0.855     1.980    clk_IBUF_BUFG
    SLICE_X37Y90         FDRE                                         r  counter_reg[7]/C
                         clock pessimism             -0.501     1.479    
    SLICE_X37Y90         FDRE (Hold_fdre_C_D)         0.107     1.586    counter_reg[7]
  -------------------------------------------------------------------
                         required time                         -1.586    
                         arrival time                           2.101    
  -------------------------------------------------------------------
                         slack                                  0.515    

Slack (MET) :             0.515ns  (arrival time - required time)
  Source:                 counter_reg[14]/C
                            (rising edge-triggered cell FDRE clocked by sys_clk_pin  {rise@0.000ns fall@4.000ns period=8.000ns})
  Destination:            counter_reg[9]/D
                            (rising edge-triggered cell FDRE clocked by sys_clk_pin  {rise@0.000ns fall@4.000ns period=8.000ns})
  Path Group:             sys_clk_pin
  Path Type:              Hold (Min at Fast Process Corner)
  Requirement:            0.000ns  (sys_clk_pin rise@0.000ns - sys_clk_pin rise@0.000ns)
  Data Path Delay:        0.638ns  (logic 0.232ns (36.354%)  route 0.406ns (63.646%))
  Logic Levels:           2  (LUT2=1 LUT6=1)
  Clock Path Skew:        0.016ns (DCD - SCD - CPR)
    Destination Clock Delay (DCD):    1.979ns
    Source Clock Delay      (SCD):    1.462ns
    Clock Pessimism Removal (CPR):    0.501ns

    Location             Delay type                Incr(ns)  Path(ns)    Netlist Resource(s)
  -------------------------------------------------------------------    -------------------
                         (clock sys_clk_pin rise edge)
                                                      0.000     0.000 r  
    H16                                               0.000     0.000 r  clk (IN)
                         net (fo=0)                   0.000     0.000    clk
    H16                  IBUF (Prop_ibuf_I_O)         0.225     0.225 r  clk_IBUF_inst/O
                         net (fo=1, routed)           0.627     0.852    clk_IBUF
    BUFGCTRL_X0Y16       BUFG (Prop_bufg_I_O)         0.026     0.878 r  clk_IBUF_BUFG_inst/O
                         net (fo=23, routed)          0.584     1.462    clk_IBUF_BUFG
    SLICE_X39Y88         FDRE                                         r  counter_reg[14]/C
  -------------------------------------------------------------------    -------------------
    SLICE_X39Y88         FDRE (Prop_fdre_C_Q)         0.141     1.603 f  counter_reg[14]/Q
                         net (fo=12, routed)          0.223     1.827    counter_reg_n_0_[14]
    SLICE_X39Y89         LUT6 (Prop_lut6_I4_O)        0.045     1.872 f  counter[16]_i_3/O
                         net (fo=16, routed)          0.183     2.054    counter[16]_i_3_n_0
    SLICE_X39Y89         LUT2 (Prop_lut2_I1_O)        0.046     2.100 r  counter[9]_i_1/O
                         net (fo=1, routed)           0.000     2.100    counter[9]
    SLICE_X39Y89         FDRE                                         r  counter_reg[9]/D
  -------------------------------------------------------------------    -------------------

                         (clock sys_clk_pin rise edge)
                                                      0.000     0.000 r  
    H16                                               0.000     0.000 r  clk (IN)
                         net (fo=0)                   0.000     0.000    clk
    H16                  IBUF (Prop_ibuf_I_O)         0.413     0.413 r  clk_IBUF_inst/O
                         net (fo=1, routed)           0.683     1.096    clk_IBUF
    BUFGCTRL_X0Y16       BUFG (Prop_bufg_I_O)         0.029     1.125 r  clk_IBUF_BUFG_inst/O
                         net (fo=23, routed)          0.854     1.979    clk_IBUF_BUFG
    SLICE_X39Y89         FDRE                                         r  counter_reg[9]/C
                         clock pessimism             -0.501     1.478    
    SLICE_X39Y89         FDRE (Hold_fdre_C_D)         0.107     1.585    counter_reg[9]
  -------------------------------------------------------------------
                         required time                         -1.585    
                         arrival time                           2.100    
  -------------------------------------------------------------------
                         slack                                  0.515    

Slack (MET) :             0.528ns  (arrival time - required time)
  Source:                 counter_reg[14]/C
                            (rising edge-triggered cell FDRE clocked by sys_clk_pin  {rise@0.000ns fall@4.000ns period=8.000ns})
  Destination:            counter_reg[11]/D
                            (rising edge-triggered cell FDRE clocked by sys_clk_pin  {rise@0.000ns fall@4.000ns period=8.000ns})
  Path Group:             sys_clk_pin
  Path Type:              Hold (Min at Fast Process Corner)
  Requirement:            0.000ns  (sys_clk_pin rise@0.000ns - sys_clk_pin rise@0.000ns)
  Data Path Delay:        0.636ns  (logic 0.231ns (36.343%)  route 0.405ns (63.657%))
  Logic Levels:           2  (LUT2=1 LUT6=1)
  Clock Path Skew:        0.017ns (DCD - SCD - CPR)
    Destination Clock Delay (DCD):    1.980ns
    Source Clock Delay      (SCD):    1.462ns
    Clock Pessimism Removal (CPR):    0.501ns

    Location             Delay type                Incr(ns)  Path(ns)    Netlist Resource(s)
  -------------------------------------------------------------------    -------------------
                         (clock sys_clk_pin rise edge)
                                                      0.000     0.000 r  
    H16                                               0.000     0.000 r  clk (IN)
                         net (fo=0)                   0.000     0.000    clk
    H16                  IBUF (Prop_ibuf_I_O)         0.225     0.225 r  clk_IBUF_inst/O
                         net (fo=1, routed)           0.627     0.852    clk_IBUF
    BUFGCTRL_X0Y16       BUFG (Prop_bufg_I_O)         0.026     0.878 r  clk_IBUF_BUFG_inst/O
                         net (fo=23, routed)          0.584     1.462    clk_IBUF_BUFG
    SLICE_X39Y88         FDRE                                         r  counter_reg[14]/C
  -------------------------------------------------------------------    -------------------
    SLICE_X39Y88         FDRE (Prop_fdre_C_Q)         0.141     1.603 f  counter_reg[14]/Q
                         net (fo=12, routed)          0.223     1.827    counter_reg_n_0_[14]
    SLICE_X39Y89         LUT6 (Prop_lut6_I4_O)        0.045     1.872 f  counter[16]_i_3/O
                         net (fo=16, routed)          0.181     2.053    counter[16]_i_3_n_0
    SLICE_X37Y90         LUT2 (Prop_lut2_I1_O)        0.045     2.098 r  counter[11]_i_1/O
                         net (fo=1, routed)           0.000     2.098    counter[11]
    SLICE_X37Y90         FDRE                                         r  counter_reg[11]/D
  -------------------------------------------------------------------    -------------------

                         (clock sys_clk_pin rise edge)
                                                      0.000     0.000 r  
    H16                                               0.000     0.000 r  clk (IN)
                         net (fo=0)                   0.000     0.000    clk
    H16                  IBUF (Prop_ibuf_I_O)         0.413     0.413 r  clk_IBUF_inst/O
                         net (fo=1, routed)           0.683     1.096    clk_IBUF
    BUFGCTRL_X0Y16       BUFG (Prop_bufg_I_O)         0.029     1.125 r  clk_IBUF_BUFG_inst/O
                         net (fo=23, routed)          0.855     1.980    clk_IBUF_BUFG
    SLICE_X37Y90         FDRE                                         r  counter_reg[11]/C
                         clock pessimism             -0.501     1.479    
    SLICE_X37Y90         FDRE (Hold_fdre_C_D)         0.091     1.570    counter_reg[11]
  -------------------------------------------------------------------
                         required time                         -1.570    
                         arrival time                           2.098    
  -------------------------------------------------------------------
                         slack                                  0.528    

Slack (MET) :             0.530ns  (arrival time - required time)
  Source:                 counter_reg[14]/C
                            (rising edge-triggered cell FDRE clocked by sys_clk_pin  {rise@0.000ns fall@4.000ns period=8.000ns})
  Destination:            counter_reg[6]/D
                            (rising edge-triggered cell FDRE clocked by sys_clk_pin  {rise@0.000ns fall@4.000ns period=8.000ns})
  Path Group:             sys_clk_pin
  Path Type:              Hold (Min at Fast Process Corner)
  Requirement:            0.000ns  (sys_clk_pin rise@0.000ns - sys_clk_pin rise@0.000ns)
  Data Path Delay:        0.637ns  (logic 0.231ns (36.254%)  route 0.406ns (63.746%))
  Logic Levels:           2  (LUT2=1 LUT6=1)
  Clock Path Skew:        0.016ns (DCD - SCD - CPR)
    Destination Clock Delay (DCD):    1.979ns
    Source Clock Delay      (SCD):    1.462ns
    Clock Pessimism Removal (CPR):    0.501ns

    Location             Delay type                Incr(ns)  Path(ns)    Netlist Resource(s)
  -------------------------------------------------------------------    -------------------
                         (clock sys_clk_pin rise edge)
                                                      0.000     0.000 r  
    H16                                               0.000     0.000 r  clk (IN)
                         net (fo=0)                   0.000     0.000    clk
    H16                  IBUF (Prop_ibuf_I_O)         0.225     0.225 r  clk_IBUF_inst/O
                         net (fo=1, routed)           0.627     0.852    clk_IBUF
    BUFGCTRL_X0Y16       BUFG (Prop_bufg_I_O)         0.026     0.878 r  clk_IBUF_BUFG_inst/O
                         net (fo=23, routed)          0.584     1.462    clk_IBUF_BUFG
    SLICE_X39Y88         FDRE                                         r  counter_reg[14]/C
  -------------------------------------------------------------------    -------------------
    SLICE_X39Y88         FDRE (Prop_fdre_C_Q)         0.141     1.603 f  counter_reg[14]/Q
                         net (fo=12, routed)          0.223     1.827    counter_reg_n_0_[14]
    SLICE_X39Y89         LUT6 (Prop_lut6_I4_O)        0.045     1.872 f  counter[16]_i_3/O
                         net (fo=16, routed)          0.183     2.054    counter[16]_i_3_n_0
    SLICE_X39Y89         LUT2 (Prop_lut2_I1_O)        0.045     2.099 r  counter[6]_i_1/O
                         net (fo=1, routed)           0.000     2.099    counter[6]
    SLICE_X39Y89         FDRE                                         r  counter_reg[6]/D
  -------------------------------------------------------------------    -------------------

                         (clock sys_clk_pin rise edge)
                                                      0.000     0.000 r  
    H16                                               0.000     0.000 r  clk (IN)
                         net (fo=0)                   0.000     0.000    clk
    H16                  IBUF (Prop_ibuf_I_O)         0.413     0.413 r  clk_IBUF_inst/O
                         net (fo=1, routed)           0.683     1.096    clk_IBUF
    BUFGCTRL_X0Y16       BUFG (Prop_bufg_I_O)         0.029     1.125 r  clk_IBUF_BUFG_inst/O
                         net (fo=23, routed)          0.854     1.979    clk_IBUF_BUFG
    SLICE_X39Y89         FDRE                                         r  counter_reg[6]/C
                         clock pessimism             -0.501     1.478    
    SLICE_X39Y89         FDRE (Hold_fdre_C_D)         0.091     1.569    counter_reg[6]
  -------------------------------------------------------------------
                         required time                         -1.569    
                         arrival time                           2.099    
  -------------------------------------------------------------------
                         slack                                  0.530    





Pulse Width Checks
--------------------------------------------------------------------------------------
Clock Name:         sys_clk_pin
Waveform(ns):       { 0.000 4.000 }
Period(ns):         8.000
Sources:            { clk }

Check Type        Corner  Lib Pin  Reference Pin  Required(ns)  Actual(ns)  Slack(ns)  Location        Pin
Min Period        n/a     BUFG/I   n/a            2.155         8.000       5.845      BUFGCTRL_X0Y16  clk_IBUF_BUFG_inst/I
Min Period        n/a     FDRE/C   n/a            1.000         8.000       7.000      SLICE_X38Y90    button_down_old_reg/C
Min Period        n/a     FDRE/C   n/a            1.000         8.000       7.000      SLICE_X40Y90    button_up_old_reg/C
Min Period        n/a     FDRE/C   n/a            1.000         8.000       7.000      SLICE_X38Y88    counter_reg[0]/C
Min Period        n/a     FDRE/C   n/a            1.000         8.000       7.000      SLICE_X39Y88    counter_reg[10]/C
Min Period        n/a     FDRE/C   n/a            1.000         8.000       7.000      SLICE_X37Y90    counter_reg[11]/C
Min Period        n/a     FDRE/C   n/a            1.000         8.000       7.000      SLICE_X39Y90    counter_reg[12]/C
Min Period        n/a     FDRE/C   n/a            1.000         8.000       7.000      SLICE_X39Y90    counter_reg[13]/C
Min Period        n/a     FDRE/C   n/a            1.000         8.000       7.000      SLICE_X39Y88    counter_reg[14]/C
Min Period        n/a     FDRE/C   n/a            1.000         8.000       7.000      SLICE_X37Y90    counter_reg[15]/C
Low Pulse Width   Slow    FDRE/C   n/a            0.500         4.000       3.500      SLICE_X40Y90    button_up_old_reg/C
Low Pulse Width   Fast    FDRE/C   n/a            0.500         4.000       3.500      SLICE_X40Y90    button_up_old_reg/C
Low Pulse Width   Slow    FDRE/C   n/a            0.500         4.000       3.500      SLICE_X40Y91    duty_select_reg[0]/C
Low Pulse Width   Fast    FDRE/C   n/a            0.500         4.000       3.500      SLICE_X40Y91    duty_select_reg[0]/C
Low Pulse Width   Slow    FDRE/C   n/a            0.500         4.000       3.500      SLICE_X38Y90    button_down_old_reg/C
Low Pulse Width   Slow    FDRE/C   n/a            0.500         4.000       3.500      SLICE_X38Y88    counter_reg[0]/C
Low Pulse Width   Slow    FDRE/C   n/a            0.500         4.000       3.500      SLICE_X39Y88    counter_reg[10]/C
Low Pulse Width   Slow    FDRE/C   n/a            0.500         4.000       3.500      SLICE_X37Y90    counter_reg[11]/C
Low Pulse Width   Slow    FDRE/C   n/a            0.500         4.000       3.500      SLICE_X39Y90    counter_reg[12]/C
Low Pulse Width   Slow    FDRE/C   n/a            0.500         4.000       3.500      SLICE_X39Y90    counter_reg[13]/C
High Pulse Width  Slow    FDRE/C   n/a            0.500         4.000       3.500      SLICE_X38Y90    button_down_old_reg/C
High Pulse Width  Fast    FDRE/C   n/a            0.500         4.000       3.500      SLICE_X38Y90    button_down_old_reg/C
High Pulse Width  Fast    FDRE/C   n/a            0.500         4.000       3.500      SLICE_X40Y90    button_up_old_reg/C
High Pulse Width  Slow    FDRE/C   n/a            0.500         4.000       3.500      SLICE_X38Y88    counter_reg[0]/C
High Pulse Width  Fast    FDRE/C   n/a            0.500         4.000       3.500      SLICE_X38Y88    counter_reg[0]/C
High Pulse Width  Slow    FDRE/C   n/a            0.500         4.000       3.500      SLICE_X39Y88    counter_reg[10]/C
High Pulse Width  Fast    FDRE/C   n/a            0.500         4.000       3.500      SLICE_X39Y88    counter_reg[10]/C
High Pulse Width  Slow    FDRE/C   n/a            0.500         4.000       3.500      SLICE_X37Y90    counter_reg[11]/C
High Pulse Width  Fast    FDRE/C   n/a            0.500         4.000       3.500      SLICE_X37Y90    counter_reg[11]/C
High Pulse Width  Slow    FDRE/C   n/a            0.500         4.000       3.500      SLICE_X39Y90    counter_reg[12]/C



